// Jest Snapshot v1, https://goo.gl/fbAQLP

exports[`Tag | Non-editable matches snapshot 1`] = `
<div
  className="MuiBox-root MuiBox-root-3"
  data-test="table-tag"
  onClick={[Function]}
>
  OK
</div>
`;
