// Jest Snapshot v1, https://goo.gl/fbAQLP

exports[`Table Component | One row matches snapshot 1`] = `" "`;
